tyleha@gmail.comtyleha@gmail.comthsimulab@gmail.com
tyleha@gmail.com
tylerlhartley@gmail.com
email
thsimulab@gmail.com
tylerlhartley@gmail.com
email
geoffrey.ide.johnson@gmail.com
john.r.lindner@gmail.com
agusmolfino@gmail.com
sarahdunn17@gmail.com
kadeemacooper@gmail.com
sallyhcarlson@gmail.com
hartleyatl@gmail.com
dougivester@comcast.net
keriwlund@yahoo.com
merrieannpark@gmail.com
